C51 COMPILER V9.60.0.0   UART                                                              08/24/2022 20:01:29 PAGE 1   


C51 COMPILER V9.60.0.0, COMPILATION OF MODULE UART
OBJECT MODULE PLACED IN .\Objects\UART.obj
COMPILER INVOKED BY: C:\Keil_v5\C51\BIN\C51.EXE UART.c OPTIMIZE(8,SPEED) BROWSE DEBUG OBJECTEXTEND PRINT(.\Listings\UART
                    -.lst) TABS(2) OBJECT(.\Objects\UART.obj)

line level    source

   1          #include <REGX51.H>
   2          #include <UART.h>
   3          
   4          bit uart1_busy=0;
   5          
   6          void UartInit(void) //9600bps@12.000MHz
   7          {
   8   1          TMOD = 0x20;
   9   1          PCON = 0x00;
  10   1          SCON = 0x60;
  11   1          TL1 = 0xFD;
  12   1          TH1 = 0xFD;
  13   1          ET1 = 0;
  14   1          TR1 = 1;
  15   1      }
  16          
  17          void uart1_sendByte(char byte)  //串口发送一个字节
  18          {
  19   1          while (uart1_busy);
  20   1          uart1_busy = 1;
  21   1          SBUF = byte;
  22   1          TI = 0;
  23   1      }
  24          
  25          void uart1_sendstring(char* str)  //串口发送字符串
  26          {
  27   1          while(*str)
  28   1          {
  29   2              uart1_sendByte(*str++);
  30   2          }
  31   1      }
  32          
  33          void UART1_IRQ_Handle(void) interrupt 4 using 1
  34          {
  35   1          if (TI)
  36   1          {
  37   2              TI = 0;
  38   2              uart1_busy = 0;
  39   2          }
  40   1          if (RI)
  41   1          {
  42   2              RI = 0;
  43   2          }
  44   1      }
  45          
  46          //void main()
  47          //{
  48          //    UartInit(); //初始化串口
  49          //    EA = 1;     //开总中断
  50          //    ES=1;   //打开串口中断
  51          //    while (1)
  52          //    {
  53          //        uart1_sendstring("Hellow World!\n");
  54          //    }
C51 COMPILER V9.60.0.0   UART                                                              08/24/2022 20:01:29 PAGE 2   

  55          //}


MODULE INFORMATION:   STATIC OVERLAYABLE
   CODE SIZE        =     80    ----
   CONSTANT SIZE    =   ----    ----
   XDATA SIZE       =   ----    ----
   PDATA SIZE       =   ----    ----
   DATA SIZE        =   ----       3
   IDATA SIZE       =   ----    ----
   BIT SIZE         =      1    ----
END OF MODULE INFORMATION.


C51 COMPILATION COMPLETE.  0 WARNING(S),  0 ERROR(S)
